// Jest Snapshot v1, https://goo.gl/fbAQLP

exports[`project search - highlightMatches simple 1`] = `
<span
  className="line-value"
>
  <span
    className="line-match"
  >
    This is a sample 
  </span>
  <span
    className="query-match"
  >
    sentence
  </span>
  <span
    className="line-match"
  >
    
  </span>
</span>
`;
