// Jest Snapshot v1, https://goo.gl/fbAQLP

exports[`A11yIntention renders its children 1`] = `
<div
  className="A11y-mouse"
  onKeyDown={[Function]}
  onMouseDown={[Function]}
>
  <span>
    hello world
  </span>
</div>
`;
