// Jest Snapshot v1, https://goo.gl/fbAQLP

exports[`preview should generate previews 1`] = `null`;
