// Jest Snapshot v1, https://goo.gl/fbAQLP

exports[`AccessibilityTreeFilter component: audit all filter filtered auditing 1`] = `"<div role=\\"group\\" class=\\"accessibility-tree-filters\\" aria-labelledby=\\"accessibility-tree-filters-label\\"><span id=\\"accessibility-tree-filters-label\\" role=\\"presentation\\">Check for issues:</span><button class=\\"devtools-button badge toolbar-menu-button filters\\" aria-expanded=\\"false\\" aria-haspopup=\\"menu\\" aria-controls=\\"accessibility-tree-filters-menu\\">All Issues</button></div>"`;

exports[`AccessibilityTreeFilter component: audit all filter not filtered auditing 1`] = `"<div role=\\"group\\" class=\\"accessibility-tree-filters\\" aria-labelledby=\\"accessibility-tree-filters-label\\"><span id=\\"accessibility-tree-filters-label\\" role=\\"presentation\\">Check for issues:</span><button class=\\"devtools-button badge toolbar-menu-button filters\\" aria-expanded=\\"false\\" aria-haspopup=\\"menu\\" aria-controls=\\"accessibility-tree-filters-menu\\">None</button></div>"`;

exports[`AccessibilityTreeFilter component: audit filter not filtered 1`] = `"<div role=\\"group\\" class=\\"accessibility-tree-filters\\" aria-labelledby=\\"accessibility-tree-filters-label\\"><span id=\\"accessibility-tree-filters-label\\" role=\\"presentation\\">Check for issues:</span><button class=\\"devtools-button badge toolbar-menu-button filters\\" aria-expanded=\\"false\\" aria-haspopup=\\"menu\\" aria-controls=\\"accessibility-tree-filters-menu\\">None</button></div>"`;

exports[`AccessibilityTreeFilter component: audit filters filtered 1`] = `"<div role=\\"group\\" class=\\"accessibility-tree-filters\\" aria-labelledby=\\"accessibility-tree-filters-label\\"><span id=\\"accessibility-tree-filters-label\\" role=\\"presentation\\">Check for issues:</span><button class=\\"devtools-button badge toolbar-menu-button filters\\" aria-expanded=\\"false\\" aria-haspopup=\\"menu\\" aria-controls=\\"accessibility-tree-filters-menu\\">All Issues</button></div>"`;

exports[`AccessibilityTreeFilter component: audit other filter filtered auditing 1`] = `"<div role=\\"group\\" class=\\"accessibility-tree-filters\\" aria-labelledby=\\"accessibility-tree-filters-label\\"><span id=\\"accessibility-tree-filters-label\\" role=\\"presentation\\">Check for issues:</span><button class=\\"devtools-button badge toolbar-menu-button filters\\" aria-expanded=\\"false\\" aria-haspopup=\\"menu\\" aria-controls=\\"accessibility-tree-filters-menu\\">Contrast</button></div>"`;

exports[`AccessibilityTreeFilter component: audit other filter not filtered auditing 1`] = `"<div role=\\"group\\" class=\\"accessibility-tree-filters\\" aria-labelledby=\\"accessibility-tree-filters-label\\"><span id=\\"accessibility-tree-filters-label\\" role=\\"presentation\\">Check for issues:</span><button class=\\"devtools-button badge toolbar-menu-button filters\\" aria-expanded=\\"false\\" aria-haspopup=\\"menu\\" aria-controls=\\"accessibility-tree-filters-menu\\">None</button></div>"`;

exports[`AccessibilityTreeFilter component: render filters after state changes 1`] = `"<div role=\\"group\\" class=\\"accessibility-tree-filters\\" aria-labelledby=\\"accessibility-tree-filters-label\\"><span id=\\"accessibility-tree-filters-label\\" role=\\"presentation\\">Check for issues:</span><button class=\\"devtools-button badge toolbar-menu-button filters\\" aria-expanded=\\"false\\" aria-haspopup=\\"menu\\" aria-controls=\\"accessibility-tree-filters-menu\\">None</button></div>"`;

exports[`AccessibilityTreeFilter component: render filters after state changes 2`] = `"<div role=\\"group\\" class=\\"accessibility-tree-filters\\" aria-labelledby=\\"accessibility-tree-filters-label\\"><span id=\\"accessibility-tree-filters-label\\" role=\\"presentation\\">Check for issues:</span><button class=\\"devtools-button badge toolbar-menu-button filters\\" aria-expanded=\\"false\\" aria-haspopup=\\"menu\\" aria-controls=\\"accessibility-tree-filters-menu\\">None</button></div>"`;

exports[`AccessibilityTreeFilter component: render filters after state changes 3`] = `"<div role=\\"group\\" class=\\"accessibility-tree-filters\\" aria-labelledby=\\"accessibility-tree-filters-label\\"><span id=\\"accessibility-tree-filters-label\\" role=\\"presentation\\">Check for issues:</span><button class=\\"devtools-button badge toolbar-menu-button filters\\" aria-expanded=\\"false\\" aria-haspopup=\\"menu\\" aria-controls=\\"accessibility-tree-filters-menu\\">None</button></div>"`;

exports[`AccessibilityTreeFilter component: render filters after state changes 4`] = `"<div role=\\"group\\" class=\\"accessibility-tree-filters\\" aria-labelledby=\\"accessibility-tree-filters-label\\"><span id=\\"accessibility-tree-filters-label\\" role=\\"presentation\\">Check for issues:</span><button class=\\"devtools-button badge toolbar-menu-button filters\\" aria-expanded=\\"false\\" aria-haspopup=\\"menu\\" aria-controls=\\"accessibility-tree-filters-menu\\">All Issues</button></div>"`;

exports[`AccessibilityTreeFilter component: render filters after state changes 5`] = `"<div role=\\"group\\" class=\\"accessibility-tree-filters\\" aria-labelledby=\\"accessibility-tree-filters-label\\"><span id=\\"accessibility-tree-filters-label\\" role=\\"presentation\\">Check for issues:</span><button class=\\"devtools-button badge toolbar-menu-button filters\\" aria-expanded=\\"false\\" aria-haspopup=\\"menu\\" aria-controls=\\"accessibility-tree-filters-menu\\">Keyboard, Text Labels</button></div>"`;

exports[`AccessibilityTreeFilter component: render filters after state changes 6`] = `"<div role=\\"group\\" class=\\"accessibility-tree-filters\\" aria-labelledby=\\"accessibility-tree-filters-label\\"><span id=\\"accessibility-tree-filters-label\\" role=\\"presentation\\">Check for issues:</span><button class=\\"devtools-button badge toolbar-menu-button filters\\" aria-expanded=\\"false\\" aria-haspopup=\\"menu\\" aria-controls=\\"accessibility-tree-filters-menu\\">Keyboard, Text Labels</button></div>"`;

exports[`AccessibilityTreeFilter component: render filters after state changes 7`] = `"<div role=\\"group\\" class=\\"accessibility-tree-filters\\" aria-labelledby=\\"accessibility-tree-filters-label\\"><span id=\\"accessibility-tree-filters-label\\" role=\\"presentation\\">Check for issues:</span><button class=\\"devtools-button badge toolbar-menu-button filters\\" aria-expanded=\\"false\\" aria-haspopup=\\"menu\\" aria-controls=\\"accessibility-tree-filters-menu\\">Keyboard, Text Labels</button></div>"`;

exports[`AccessibilityTreeFilter component: render filters after state changes 8`] = `"<div role=\\"group\\" class=\\"accessibility-tree-filters\\" aria-labelledby=\\"accessibility-tree-filters-label\\"><span id=\\"accessibility-tree-filters-label\\" role=\\"presentation\\">Check for issues:</span><button class=\\"devtools-button badge toolbar-menu-button filters\\" aria-expanded=\\"false\\" aria-haspopup=\\"menu\\" aria-controls=\\"accessibility-tree-filters-menu\\">All Issues</button></div>"`;

exports[`AccessibilityTreeFilter component: render filters after state changes 9`] = `"<div role=\\"group\\" class=\\"accessibility-tree-filters\\" aria-labelledby=\\"accessibility-tree-filters-label\\"><span id=\\"accessibility-tree-filters-label\\" role=\\"presentation\\">Check for issues:</span><button class=\\"devtools-button badge toolbar-menu-button filters\\" aria-expanded=\\"false\\" aria-haspopup=\\"menu\\" aria-controls=\\"accessibility-tree-filters-menu\\">None</button></div>"`;

exports[`AccessibilityTreeFilter component: render filters after state changes 10`] = `"<div role=\\"group\\" class=\\"accessibility-tree-filters\\" aria-labelledby=\\"accessibility-tree-filters-label\\"><span id=\\"accessibility-tree-filters-label\\" role=\\"presentation\\">Check for issues:</span><button class=\\"devtools-button badge toolbar-menu-button filters\\" aria-expanded=\\"false\\" aria-haspopup=\\"menu\\" aria-controls=\\"accessibility-tree-filters-menu\\">None</button></div>"`;

exports[`AccessibilityTreeFilter component: render filters after state changes 11`] = `"<div role=\\"group\\" class=\\"accessibility-tree-filters\\" aria-labelledby=\\"accessibility-tree-filters-label\\"><span id=\\"accessibility-tree-filters-label\\" role=\\"presentation\\">Check for issues:</span><button class=\\"devtools-button badge toolbar-menu-button filters\\" aria-expanded=\\"false\\" aria-haspopup=\\"menu\\" aria-controls=\\"accessibility-tree-filters-menu\\">None</button></div>"`;

exports[`AccessibilityTreeFilter component: render filters after state changes 12`] = `"<div role=\\"group\\" class=\\"accessibility-tree-filters\\" aria-labelledby=\\"accessibility-tree-filters-label\\"><span id=\\"accessibility-tree-filters-label\\" role=\\"presentation\\">Check for issues:</span><button class=\\"devtools-button badge toolbar-menu-button filters\\" aria-expanded=\\"false\\" aria-haspopup=\\"menu\\" aria-controls=\\"accessibility-tree-filters-menu\\">Text Labels</button></div>"`;

exports[`AccessibilityTreeFilter component: toggle filter 1`] = `"<div role=\\"group\\" class=\\"accessibility-tree-filters\\" aria-labelledby=\\"accessibility-tree-filters-label\\"><span id=\\"accessibility-tree-filters-label\\" role=\\"presentation\\">Check for issues:</span><button class=\\"devtools-button badge toolbar-menu-button filters\\" aria-expanded=\\"false\\" aria-haspopup=\\"menu\\" aria-controls=\\"accessibility-tree-filters-menu\\">None</button></div>"`;
