// Jest Snapshot v1, https://goo.gl/fbAQLP

exports[`KeyboardCheck component: FAIL render 1`] = `"<div role=\\"presentation\\" tabindex=\\"-1\\" class=\\"accessibility-check\\"><h3 class=\\"accessibility-check-header\\"></h3><div role=\\"presentation\\" tabindex=\\"-1\\"><img src=\\"chrome://devtools/skin/images/error.svg\\" data-score=\\"FAIL\\" class=\\"icon\\"><p class=\\"accessibility-check-annotation\\"></p></div></div>"`;

exports[`KeyboardCheck component: FAIL render 2`] = `"<div role=\\"presentation\\" tabindex=\\"-1\\" class=\\"accessibility-check\\"><h3 class=\\"accessibility-check-header\\"></h3><div role=\\"presentation\\" tabindex=\\"-1\\"><img src=\\"chrome://devtools/skin/images/error.svg\\" data-score=\\"FAIL\\" class=\\"icon\\"><p class=\\"accessibility-check-annotation\\"></p></div></div>"`;

exports[`KeyboardCheck component: WARNING render 1`] = `"<div role=\\"presentation\\" tabindex=\\"-1\\" class=\\"accessibility-check\\"><h3 class=\\"accessibility-check-header\\"></h3><div role=\\"presentation\\" tabindex=\\"-1\\"><img src=\\"chrome://devtools/skin/images/alert.svg\\" data-score=\\"WARNING\\" class=\\"icon\\"><p class=\\"accessibility-check-annotation\\"></p></div></div>"`;

exports[`KeyboardCheck component: WARNING render 2`] = `"<div role=\\"presentation\\" tabindex=\\"-1\\" class=\\"accessibility-check\\"><h3 class=\\"accessibility-check-header\\"></h3><div role=\\"presentation\\" tabindex=\\"-1\\"><img src=\\"chrome://devtools/skin/images/alert.svg\\" data-score=\\"WARNING\\" class=\\"icon\\"><p class=\\"accessibility-check-annotation\\"></p></div></div>"`;
